DEBUG:root:Add: 1 + 2 = 3
DEBUG:root:Add: 10 + 2 = 12
2023-05-24 12:53:22,087:DEBUG:Add: 10 + 2 = 12
